[INFO] Scanning for projects...
[INFO] 
[INFO] --------------------------< com.manh:ecom_be >--------------------------
[INFO] Building  0.0.1-SNAPSHOT
[INFO]   from pom.xml
[INFO] --------------------------------[ jar ]---------------------------------
[INFO] 
[INFO] --- jacoco:0.8.12:prepare-agent (default) @ ecom_be ---
[INFO] argLine set to -javaagent:C:\\Users\\evol\\.m2\\repository\\org\\jacoco\\org.jacoco.agent\\0.8.12\\org.jacoco.agent-0.8.12-runtime.jar=destfile=C:\\Users\\evol\\Desktop\\projects\\ecom\\ecom_be\\target\\jacoco.exec
[INFO] 
[INFO] --- spring-boot:3.3.5:build-info (default) @ ecom_be ---
[INFO] 
[INFO] --- resources:3.3.1:resources (default-resources) @ ecom_be ---
[INFO] Copying 3 resources from src\main\resources to target\classes
[INFO] Copying 19 resources from src\main\resources to target\classes
[INFO] 
[INFO] --- compiler:3.13.0:compile (default-compile) @ ecom_be ---
[INFO] Nothing to compile - all classes are up to date.
[INFO] 
[INFO] --- resources:3.3.1:testResources (default-testResources) @ ecom_be ---
[INFO] Copying 1 resource from src\test\resources to target\test-classes
[INFO] 
[INFO] --- compiler:3.13.0:testCompile (default-testCompile) @ ecom_be ---
[INFO] Recompiling the module because of changed source code.
[INFO] Compiling 34 source files with javac [debug parameters release 21] to target\test-classes
[INFO] /C:/Users/evol/Desktop/projects/ecom/ecom_be/src/test/java/com/manh/ecom_be/services/orders/InfrastructureIT.java: C:\Users\evol\Desktop\projects\ecom\ecom_be\src\test\java\com\manh\ecom_be\services\orders\InfrastructureIT.java uses or overrides a deprecated API.
[INFO] /C:/Users/evol/Desktop/projects/ecom/ecom_be/src/test/java/com/manh/ecom_be/services/orders/InfrastructureIT.java: Recompile with -Xlint:deprecation for details.
[INFO] /C:/Users/evol/Desktop/projects/ecom/ecom_be/src/test/java/com/manh/ecom_be/services/orders/OrderServiceTest.java: C:\Users\evol\Desktop\projects\ecom\ecom_be\src\test\java\com\manh\ecom_be\services\orders\OrderServiceTest.java uses unchecked or unsafe operations.
[INFO] /C:/Users/evol/Desktop/projects/ecom/ecom_be/src/test/java/com/manh/ecom_be/services/orders/OrderServiceTest.java: Recompile with -Xlint:unchecked for details.
[INFO] 
[INFO] --- surefire:3.2.5:test (default-test) @ ecom_be ---
[INFO] Using auto detected provider org.apache.maven.surefire.junitplatform.JUnitPlatformProvider
[INFO] 
[INFO] -------------------------------------------------------
[INFO]  T E S T S
[INFO] -------------------------------------------------------
[INFO] Running com.manh.ecom_be.services.product.CatalogQueryBudgetTest
09:40:16.651 [main] INFO org.springframework.test.context.support.AnnotationConfigContextLoaderUtils -- Could not detect default configuration classes for test class [com.manh.ecom_be.services.product.CatalogQueryBudgetTest]: CatalogQueryBudgetTest does not declare any static, non-private, non-final, nested classes annotated with @Configuration.
09:40:16.958 [main] INFO org.springframework.boot.test.context.SpringBootTestContextBootstrapper -- Found @SpringBootConfiguration com.manh.ecom_be.EcomBeApplication for test class com.manh.ecom_be.services.product.CatalogQueryBudgetTest

  .   ____          _            __ _ _
 /\\ / ___'_ __ _ _(_)_ __  __ _ \ \ \ \
( ( )\___ | '_ | '_| | '_ \/ _` | \ \ \ \
 \\/  ___)| |_)| | | | | || (_| |  ) ) ) )
  '  |____| .__|_| |_|_| |_\__, | / / / /
 =========|_|==============|___/=/_/_/_/

 :: Spring Boot ::                (v3.3.5)

09:40:24.326 WARN  [NO_REQ] org.hibernate.orm.deprecation - HHH90000025: H2Dialect does not need to be specified explicitly using 'hibernate.dialect' (remove the property setting and it will be selected by default)
09:40:31.922 WARN  [NO_REQ] o.s.s.c.a.a.c.InitializeUserDetailsBeanManagerConfigurer$InitializeUserDetailsManagerConfigurer - Global AuthenticationManager configured with an AuthenticationProvider bean. UserDetailsService beans will not be used for username/password login. Consider removing the AuthenticationProvider bean. Alternatively, consider using the UserDetailsService in a manually instantiated DaoAuthenticationProvider.
09:40:32.428 WARN  [NO_REQ] o.s.b.a.o.j.JpaBaseConfiguration$JpaWebConfiguration - spring.jpa.open-in-view is enabled by default. Therefore, database queries may be performed during view rendering. Explicitly configure spring.jpa.open-in-view to disable this warning
OpenJDK 64-Bit Server VM warning: Sharing is only supported for boot loader classes because bootstrap classpath has been appended
WARNING: A Java agent has been loaded dynamically (C:\Users\evol\.m2\repository\net\bytebuddy\byte-buddy-agent\1.14.19\byte-buddy-agent-1.14.19.jar)
WARNING: If a serviceability tool is in use, please run with -XX:+EnableDynamicAgentLoading to hide this warning
WARNING: If a serviceability tool is not in use, please run with -Djdk.instrument.traceUsage for more information
WARNING: Dynamic loading of agents will be disallowed by default in a future release
CATALOG_QUERY_COUNT=42
[INFO] Tests run: 1, Failures: 0, Errors: 0, Skipped: 0, Time elapsed: 19.85 s -- in com.manh.ecom_be.services.product.CatalogQueryBudgetTest
[INFO] 
[INFO] Results:
[INFO] 
[INFO] Tests run: 1, Failures: 0, Errors: 0, Skipped: 0
[INFO] 
[INFO] ------------------------------------------------------------------------
[INFO] BUILD SUCCESS
[INFO] ------------------------------------------------------------------------
[INFO] Total time:  31.193 s
[INFO] Finished at: 2026-10-03T09:40:36+07:00
[INFO] ------------------------------------------------------------------------
